---
source: crates/tmc-langs-cli/tests/integration.rs
expression: output
input_file: sample_exercises/java/maven-exercise-model
---
output-kind: output-data
status: finished
message: extracted project from [PATH] to [PATH]
result: executed-command
data: ~
