---
source: crates/tmc-langs-cli/tests/integration.rs
expression: files
input_file: sample_exercises/java/ant-exercise
---
- ant-exercise
- ant-exercise/src
- ant-exercise/src/Arith.java
