---
source: crates/tmc-langs-cli/tests/integration.rs
expression: output
input_file: sample_exercises/make/failing-exercise
---
output-kind: output-data
status: finished
message: compressed project from [PATH] to [PATH]
result: executed-command
data:
  output-data-kind: compressed-project-hash
  output-data: d8473af22ec3f6f558a8dfe030e5d80eeeb4b3a2bdb9cae495b5089083440966
