---
source: crates/tmc-langs-cli/tests/integration.rs
expression: output
input_file: sample_exercises/csharp/non-compiling-exercise
---
output-kind: output-data
status: finished
message: compressed project from [PATH] to [PATH]
result: executed-command
data:
  output-data-kind: compressed-project-hash
  output-data: 34856483dead601201bdf0e75c26481e97fdf36af401b3729b410711d57c13f5
