---
source: crates/tmc-langs-cli/tests/integration.rs
expression: files
input_file: sample_exercises/java/maven-exercise-model
---
- .classpath
- .factorypath
- .project
- .settings
- .settings/org.eclipse.core.resources.prefs
- .settings/org.eclipse.jdt.apt.core.prefs
- .settings/org.eclipse.jdt.core.prefs
- .settings/org.eclipse.m2e.core.prefs
- .tmcproject.json
- pom.xml
- src
- src/main
- src/main/java
- src/main/java/fi
- src/main/java/fi/helsinki
- src/main/java/fi/helsinki/cs
- src/main/java/fi/helsinki/cs/maventest
- src/main/java/fi/helsinki/cs/maventest/App.java
- src/test
- src/test/java
- src/test/java/fi
- src/test/java/fi/helsinki
- src/test/java/fi/helsinki/cs
- src/test/java/fi/helsinki/cs/maventest
- src/test/java/fi/helsinki/cs/maventest/AppTest.java
