---
source: crates/tmc-langs-cli/tests/integration.rs
expression: output
input_file: sample_exercises/csharp/passing-exercise
---
output-kind: output-data
status: finished
message: compressed project from [PATH] to [PATH]
result: executed-command
data:
  output-data-kind: compressed-project-hash
  output-data: 9a2a234c2bb503969abce36800a308a49ccf2dc6f70d903f61ef9721cb0c4a7c
