---
source: crates/tmc-langs-cli/tests/integration.rs
expression: output
input_file: sample_exercises/java/maven-exercise
---
output-kind: output-data
status: finished
message: compressed project from [PATH] to [PATH]
result: executed-command
data:
  output-data-kind: compressed-project-hash
  output-data: 683cf025971c7c445e319aa9a6e45ac9ead8de4cd1c8cecb1a652bafb755f1b6
